[21:02:50] [ServerMain/INFO]: [bootstrap] Running Java 21 (OpenJDK 64-Bit Server VM 21.0.9+10-Ubuntu-124.04; Ubuntu null) on Linux 6.8.0-1030-azure (amd64)
[21:02:50] [ServerMain/INFO]: [bootstrap] Loading Paper 1.21.8-6-main@782ce95 (2025-07-18T20:26:58Z) for Minecraft 1.21.8
[21:02:50] [ServerMain/INFO]: [PluginInitializerManager] Initializing plugins...
[21:02:51] [ServerMain/INFO]: [PluginInitializerManager] Initialized 2 plugins
[21:02:51] [ServerMain/INFO]: [PluginInitializerManager] Bukkit plugins (2):
 - Geyser-Spigot (2.9.2-SNAPSHOT), ViaVersion (5.7.0)
[21:02:56] [ServerMain/INFO]: Environment: Environment[sessionHost=https://sessionserver.mojang.com, servicesHost=https://api.minecraftservices.com, name=PROD]
[21:02:57] [ServerMain/INFO]: Loaded 1407 recipes
[21:02:57] [ServerMain/INFO]: Loaded 1520 advancements
[21:02:57] [ServerMain/INFO]: [ca.spottedleaf.dataconverter.minecraft.datatypes.MCTypeRegistry] Initialising converters for DataConverter...
[21:02:58] [ServerMain/INFO]: [ca.spottedleaf.dataconverter.minecraft.datatypes.MCTypeRegistry] Finished initialising converters for DataConverter in 533.5ms
[21:02:58] [Server thread/INFO]: Starting minecraft server version 1.21.8
[21:02:58] [Server thread/INFO]: Loading properties
[21:02:58] [Server thread/INFO]: This server is running Paper version 1.21.8-6-main@782ce95 (2025-07-18T20:26:58Z) (Implementing API version 1.21.8-R0.1-SNAPSHOT)
[21:02:58] [Server thread/INFO]: [spark] This server bundles the spark profiler. For more information please visit https://docs.papermc.io/paper/profiling
[21:02:58] [Server thread/INFO]: Server Ping Player Sample Count: 12
[21:02:58] [Server thread/INFO]: Using 4 threads for Netty based IO
[21:02:59] [Server thread/INFO]: [MoonriseCommon] Paper is using 1 worker threads, 1 I/O threads
[21:02:59] [Server thread/INFO]: [ChunkTaskScheduler] Chunk system is using population gen parallelism: true
[21:03:00] [Server thread/INFO]: Default game type: SURVIVAL
[21:03:00] [Server thread/INFO]: Generating keypair
[21:03:00] [Server thread/INFO]: Starting Minecraft server on *:25565
[21:03:00] [Server thread/INFO]: Using epoll channel type
[21:03:00] [Server thread/INFO]: Paper: Using libdeflate (Linux x86_64) compression from Velocity.
[21:03:00] [Server thread/INFO]: Paper: Using OpenSSL 3.x.x (Linux x86_64) cipher from Velocity.
[21:03:01] [Server thread/INFO]: [ViaVersion] Loading server plugin ViaVersion v5.7.0
[21:03:01] [Server thread/INFO]: [ViaVersion] ViaVersion 5.7.0 is now loaded. Registering protocol transformers and injecting...
[21:03:01] [Via-Mappingloader-1/INFO]: [ViaVersion] Loading block connection mappings ...
[21:03:02] [Via-Mappingloader-1/INFO]: [ViaVersion] Using FastUtil Long2ObjectOpenHashMap for block connections
[21:03:02] [Server thread/INFO]: [Geyser-Spigot] Loading server plugin Geyser-Spigot v2.9.2-SNAPSHOT
[21:03:03] [Server thread/INFO]: [Geyser-Spigot] Loading extensions...
[21:03:03] [Server thread/INFO]: [Geyser-Spigot] Loaded 0 extension(s)
[21:03:03] [Server thread/INFO]: Server permissions file permissions.yml is empty, ignoring it
[21:03:03] [Server thread/WARN]: **** SERVER IS RUNNING IN OFFLINE/INSECURE MODE!
[21:03:03] [Server thread/WARN]: The server will make no attempt to authenticate usernames. Beware.
[21:03:03] [Server thread/WARN]: While this makes the game possible to play without internet access, it also opens up the ability for hackers to connect with any username they choose.
[21:03:03] [Server thread/WARN]: To change this, set "online-mode" to "true" in the server.properties file.
[21:03:03] [Server thread/INFO]: Preparing level "world"
[21:03:03] [Server thread/INFO]: Preparing start region for dimension minecraft:overworld
[21:03:04] [Server thread/INFO]: Preparing spawn area: 0%
[21:03:04] [Server thread/INFO]: Preparing spawn area: 0%
[21:03:04] [Server thread/INFO]: Preparing spawn area: 0%
[21:03:04] [Server thread/INFO]: Time elapsed: 1017 ms
[21:03:04] [Server thread/INFO]: Preparing start region for dimension minecraft:the_nether
[21:03:04] [Server thread/INFO]: Preparing spawn area: 0%
[21:03:05] [Server thread/INFO]: Time elapsed: 228 ms
[21:03:05] [Server thread/INFO]: Preparing start region for dimension minecraft:the_end
[21:03:05] [Server thread/INFO]: Preparing spawn area: 0%
[21:03:05] [Server thread/INFO]: Time elapsed: 128 ms
[21:03:05] [Server thread/INFO]: [ViaVersion] Enabling ViaVersion v5.7.0
[21:03:05] [Server thread/INFO]: [ViaVersion] ViaVersion detected server version: 1.21.7-1.21.8 (772)
[21:03:05] [Server thread/INFO]: [Geyser-Spigot] Enabling Geyser-Spigot v2.9.2-SNAPSHOT
[21:03:07] [Server thread/INFO]: [spark] Starting background profiler...
[21:03:07] [Server thread/INFO]: [Geyser-Spigot] ******************************************
[21:03:07] [Server thread/INFO]: [Geyser-Spigot] 
[21:03:07] [Server thread/INFO]: [Geyser-Spigot] Loading Geyser version 2.9.2-b1015 (git-master-3332528)
[21:03:07] [Server thread/INFO]: [Geyser-Spigot] 
[21:03:07] [Server thread/INFO]: [Geyser-Spigot] ******************************************
[21:03:12] [GeyserServer-3-1/INFO]: [Geyser-Spigot] Started Geyser on UDP port 19132
[21:03:12] [ForkJoinPool.commonPool-worker-2/WARN]: [Geyser-Spigot] Missing MC locale file: en_us
[21:03:12] [ForkJoinPool.commonPool-worker-2/INFO]: [Geyser-Spigot] Downloading Minecraft JAR to extract required files, please wait... (this may take some time depending on the speed of your internet connection)
[21:03:12] [Server thread/INFO]: [Geyser-Spigot] Done (5.115s)! Run /geyser help for help!
[21:03:12] [Server thread/INFO]: Done preparing level "world" (9.570s)
[21:03:12] [Server thread/INFO]: Running delayed init tasks
[21:03:12] [Server thread/INFO]: Done (23.173s)! For help, type "help"
[21:03:12] [Craft Scheduler Thread - 2 - ViaVersion/INFO]: [ViaVersion] Finished mapping loading, shutting down loader executor.
[21:03:13] [ForkJoinPool.commonPool-worker-2/INFO]: [Geyser-Spigot] Minecraft JAR has been successfully downloaded and loaded!
[21:05:52] [GeyserServerChild-4-1/INFO]: [Geyser-Spigot] Player connected with username TheSasukeuz (898)
[21:07:17] [ForkJoinPool.commonPool-worker-4/WARN]: [Geyser-Spigot] Failed to log in with Microsoft code!
java.util.concurrent.CompletionException: net.raphimc.minecraftauth.java.exception.MinecraftProfileNotFoundException: status: 404 Not Found, error: NOT_FOUND, error message: Your account doesn't have a Minecraft profile. Please log in to Minecraft and set up your profile.
	at Geyser-Spigot.jar/org.geysermc.geyser.session.PendingMicrosoftAuthentication$AuthenticationTask.lambda$performLoginAttempt$0(PendingMicrosoftAuthentication.java:131) ~[Geyser-Spigot.jar:?]
	at java.base/java.util.concurrent.CompletableFuture$AsyncSupply.run(CompletableFuture.java:1768) ~[?:?]
	at java.base/java.util.concurrent.CompletableFuture$AsyncSupply.exec(CompletableFuture.java:1760) ~[?:?]
	at java.base/java.util.concurrent.ForkJoinTask.doExec(ForkJoinTask.java:387) ~[?:?]
	at java.base/java.util.concurrent.ForkJoinPool$WorkQueue.topLevelExec(ForkJoinPool.java:1312) ~[?:?]
	at java.base/java.util.concurrent.ForkJoinPool.scan(ForkJoinPool.java:1843) ~[?:?]
	at java.base/java.util.concurrent.ForkJoinPool.runWorker(ForkJoinPool.java:1808) ~[?:?]
	at java.base/java.util.concurrent.ForkJoinWorkerThread.run(ForkJoinWorkerThread.java:188) ~[?:?]
Caused by: net.raphimc.minecraftauth.java.exception.MinecraftProfileNotFoundException: status: 404 Not Found, error: NOT_FOUND, error message: Your account doesn't have a Minecraft profile. Please log in to Minecraft and set up your profile.
	at Geyser-Spigot.jar/net.raphimc.minecraftauth.java.request.MinecraftProfileRequest.handleError(MinecraftProfileRequest.java:56) ~[Geyser-Spigot.jar:?]
	at Geyser-Spigot.jar/net.raphimc.minecraftauth.util.http.responsehandler.JsonHttpResponseHandler.handle(JsonHttpResponseHandler.java:46) ~[Geyser-Spigot.jar:?]
	at Geyser-Spigot.jar/net.lenni0451.commons.httpclient.HttpClient.execute(HttpClient.java:229) ~[Geyser-Spigot.jar:?]
	at Geyser-Spigot.jar/net.lenni0451.commons.httpclient.HttpClient.executeAndHandle(HttpClient.java:215) ~[Geyser-Spigot.jar:?]
	at Geyser-Spigot.jar/net.raphimc.minecraftauth.java.JavaAuthManager.refreshMinecraftProfile(JavaAuthManager.java:206) ~[Geyser-Spigot.jar:?]
	at Geyser-Spigot.jar/net.raphimc.minecraftauth.util.holder.Holder.refresh(Holder.java:148) ~[Geyser-Spigot.jar:?]
	at Geyser-Spigot.jar/org.geysermc.geyser.session.PendingMicrosoftAuthentication$AuthenticationTask.lambda$performLoginAttempt$0(PendingMicrosoftAuthentication.java:128) ~[Geyser-Spigot.jar:?]
	... 7 more
[21:07:17] [ForkJoinPool.commonPool-worker-4/INFO]: [Geyser-Spigot] Bedrock user with ip: /127.83.236.209 has disconnected for reason El servidor requiere que uses una cuenta de Minecraft Java original.
[22:57:54] [Server thread/INFO]: Stopping server
[22:57:54] [Server thread/INFO]: [Geyser-Spigot] Disabling Geyser-Spigot v2.9.2-SNAPSHOT
[22:57:54] [Server thread/INFO]: [Geyser-Spigot] Shutting down Geyser.
[22:57:54] [Server thread/INFO]: [Geyser-Spigot] Geyser shutdown successfully.
[22:57:54] [Server thread/INFO]: [ViaVersion] Disabling ViaVersion v5.7.0
[22:57:54] [Server thread/INFO]: [ViaVersion] ViaVersion has been disabled; uninjected the platform and shut down the scheduler.
[22:57:54] [Server thread/INFO]: Saving players
[22:57:54] [Server thread/INFO]: Saving worlds
[22:57:54] [Server thread/INFO]: Saving chunks for level 'ServerLevel[world]'/minecraft:overworld
[22:57:54] [Server thread/INFO]: [ChunkHolderManager] Waiting 60s for chunk system to halt for world 'world'
[22:57:54] [Server thread/INFO]: [ChunkHolderManager] Halted chunk system for world 'world'
[22:57:54] [Server thread/INFO]: [ChunkHolderManager] Saving all chunkholders for world 'world'
[22:57:54] [Server thread/INFO]: [ChunkHolderManager] Saved 3 block chunks, 4 entity chunks, 0 poi chunks in world 'world' in 0.01s
[22:57:54] [Server thread/INFO]: [ChunkHolderManager] Waiting 60s for chunk I/O to halt for world 'world'
[22:57:54] [Server thread/INFO]: [ChunkHolderManager] Halted I/O scheduler for world 'world'
[22:57:54] [Server thread/INFO]: Saving chunks for level 'ServerLevel[world_nether]'/minecraft:the_nether
[22:57:54] [Server thread/INFO]: [ChunkHolderManager] Waiting 60s for chunk system to halt for world 'world_nether'
[22:57:54] [Server thread/INFO]: [ChunkHolderManager] Halted chunk system for world 'world_nether'
[22:57:54] [Server thread/INFO]: [ChunkHolderManager] Saving all chunkholders for world 'world_nether'
[22:57:54] [Server thread/INFO]: [ChunkHolderManager] Saved 1 block chunks, 0 entity chunks, 0 poi chunks in world 'world_nether' in 0.01s
[22:57:54] [Server thread/INFO]: [ChunkHolderManager] Waiting 60s for chunk I/O to halt for world 'world_nether'
[22:57:54] [Server thread/INFO]: [ChunkHolderManager] Halted I/O scheduler for world 'world_nether'
[22:57:54] [Server thread/INFO]: Saving chunks for level 'ServerLevel[world_the_end]'/minecraft:the_end
[22:57:54] [Server thread/INFO]: [ChunkHolderManager] Waiting 60s for chunk system to halt for world 'world_the_end'
[22:57:54] [Server thread/INFO]: [ChunkHolderManager] Halted chunk system for world 'world_the_end'
[22:57:54] [Server thread/INFO]: [ChunkHolderManager] Saving all chunkholders for world 'world_the_end'
[22:57:54] [Server thread/INFO]: [ChunkHolderManager] Saved 0 block chunks, 10 entity chunks, 0 poi chunks in world 'world_the_end' in 0.01s
[22:57:54] [Server thread/INFO]: [ChunkHolderManager] Waiting 60s for chunk I/O to halt for world 'world_the_end'
[22:57:54] [Server thread/INFO]: [ChunkHolderManager] Halted I/O scheduler for world 'world_the_end'
[22:57:54] [Server thread/INFO]: ThreadedAnvilChunkStorage (world): All chunks are saved
[22:57:54] [Server thread/INFO]: ThreadedAnvilChunkStorage (DIM-1): All chunks are saved
[22:57:54] [Server thread/INFO]: ThreadedAnvilChunkStorage (DIM1): All chunks are saved
[22:57:54] [Server thread/INFO]: ThreadedAnvilChunkStorage: All dimensions are saved
[22:57:54] [Server thread/INFO]: Waiting for all RegionFile I/O tasks to complete...
[22:57:54] [Server thread/INFO]: All RegionFile I/O tasks to complete
[22:57:54] [Server thread/INFO]: [MoonriseCommon] Awaiting termination of worker pool for up to 60s...
[22:57:54] [Server thread/INFO]: [MoonriseCommon] Awaiting termination of I/O pool for up to 60s...
